[2024-04-02T09:06:02.952+0530][0.117s][info][gc] Using G1
[2024-04-02T09:06:02.967+0530][0.140s][info][gc,init] Version: 17.0.7+7 (release)
[2024-04-02T09:06:02.967+0530][0.140s][info][gc,init] CPUs: 4 total, 4 available
[2024-04-02T09:06:02.967+0530][0.140s][info][gc,init] Memory: 3987M
[2024-04-02T09:06:02.967+0530][0.140s][info][gc,init] Large Page Support: Disabled
[2024-04-02T09:06:02.967+0530][0.140s][info][gc,init] NUMA Support: Disabled
[2024-04-02T09:06:02.967+0530][0.140s][info][gc,init] Compressed Oops: Enabled (32-bit)
[2024-04-02T09:06:02.967+0530][0.140s][info][gc,init] Heap Region Size: 1M
[2024-04-02T09:06:02.967+0530][0.141s][info][gc,init] Heap Min Capacity: 384M
[2024-04-02T09:06:02.967+0530][0.141s][info][gc,init] Heap Initial Capacity: 384M
[2024-04-02T09:06:02.967+0530][0.141s][info][gc,init] Heap Max Capacity: 2G
[2024-04-02T09:06:02.967+0530][0.141s][info][gc,init] Pre-touch: Disabled
[2024-04-02T09:06:02.967+0530][0.141s][info][gc,init] Parallel Workers: 4
[2024-04-02T09:06:02.967+0530][0.141s][info][gc,init] Concurrent Workers: 1
[2024-04-02T09:06:02.967+0530][0.141s][info][gc,init] Concurrent Refinement Workers: 4
[2024-04-02T09:06:02.967+0530][0.141s][info][gc,init] Periodic GC: Disabled
[2024-04-02T09:06:03.037+0530][0.201s][info][gc,metaspace] CDS archive(s) mapped at: [0x0000000800000000-0x0000000800a60000-0x0000000800a60000), size 10878976, SharedBaseAddress: 0x0000000800000000, ArchiveRelocationMode: 0.
[2024-04-02T09:06:03.037+0530][0.201s][info][gc,metaspace] Compressed class space mapped at: 0x0000000801000000-0x0000000841000000, reserved size: 1073741824
[2024-04-02T09:06:03.038+0530][0.201s][info][gc,metaspace] Narrow klass base: 0x0000000800000000, Narrow klass shift: 0, Narrow klass range: 0x100000000
[2024-04-02T09:06:05.815+0530][2.991s][info][gc,start    ] GC(0) Pause Young (Normal) (G1 Evacuation Pause)
[2024-04-02T09:06:05.815+0530][2.991s][info][gc,task     ] GC(0) Using 4 workers of 4 for evacuation
[2024-04-02T09:06:05.830+0530][3.001s][info][gc,phases   ] GC(0)   Pre Evacuate Collection Set: 0.1ms
[2024-04-02T09:06:05.830+0530][3.001s][info][gc,phases   ] GC(0)   Merge Heap Roots: 0.2ms
[2024-04-02T09:06:05.830+0530][3.001s][info][gc,phases   ] GC(0)   Evacuate Collection Set: 8.6ms
[2024-04-02T09:06:05.830+0530][3.001s][info][gc,phases   ] GC(0)   Post Evacuate Collection Set: 0.7ms
[2024-04-02T09:06:05.830+0530][3.001s][info][gc,phases   ] GC(0)   Other: 0.6ms
[2024-04-02T09:06:05.830+0530][3.001s][info][gc,heap     ] GC(0) Eden regions: 19->0(16)
[2024-04-02T09:06:05.830+0530][3.001s][info][gc,heap     ] GC(0) Survivor regions: 0->3(3)
[2024-04-02T09:06:05.830+0530][3.001s][info][gc,heap     ] GC(0) Old regions: 0->3
[2024-04-02T09:06:05.830+0530][3.001s][info][gc,heap     ] GC(0) Archive regions: 0->0
[2024-04-02T09:06:05.830+0530][3.001s][info][gc,heap     ] GC(0) Humongous regions: 0->0
[2024-04-02T09:06:05.830+0530][3.002s][info][gc,metaspace] GC(0) Metaspace: 7550K(7744K)->7550K(7744K) NonClass: 6707K(6784K)->6707K(6784K) Class: 842K(960K)->842K(960K)
[2024-04-02T09:06:05.830+0530][3.002s][info][gc          ] GC(0) Pause Young (Normal) (G1 Evacuation Pause) 19M->5M(384M) 10.679ms
[2024-04-02T09:06:05.830+0530][3.002s][info][gc,cpu      ] GC(0) User=0.02s Sys=0.00s Real=0.01s
[2024-04-02T09:06:07.260+0530][4.436s][info][gc,start    ] GC(1) Pause Young (Normal) (G1 Evacuation Pause)
[2024-04-02T09:06:07.260+0530][4.436s][info][gc,task     ] GC(1) Using 4 workers of 4 for evacuation
[2024-04-02T09:06:07.275+0530][4.444s][info][gc,phases   ] GC(1)   Pre Evacuate Collection Set: 0.1ms
[2024-04-02T09:06:07.275+0530][4.444s][info][gc,phases   ] GC(1)   Merge Heap Roots: 0.1ms
[2024-04-02T09:06:07.275+0530][4.444s][info][gc,phases   ] GC(1)   Evacuate Collection Set: 6.8ms
[2024-04-02T09:06:07.275+0530][4.444s][info][gc,phases   ] GC(1)   Post Evacuate Collection Set: 0.8ms
[2024-04-02T09:06:07.275+0530][4.444s][info][gc,phases   ] GC(1)   Other: 0.3ms
[2024-04-02T09:06:07.275+0530][4.444s][info][gc,heap     ] GC(1) Eden regions: 16->0(24)
[2024-04-02T09:06:07.275+0530][4.444s][info][gc,heap     ] GC(1) Survivor regions: 3->2(3)
[2024-04-02T09:06:07.275+0530][4.444s][info][gc,heap     ] GC(1) Old regions: 3->6
[2024-04-02T09:06:07.275+0530][4.444s][info][gc,heap     ] GC(1) Archive regions: 0->0
[2024-04-02T09:06:07.275+0530][4.445s][info][gc,heap     ] GC(1) Humongous regions: 0->0
[2024-04-02T09:06:07.275+0530][4.445s][info][gc,metaspace] GC(1) Metaspace: 10516K(10752K)->10516K(10752K) NonClass: 9388K(9472K)->9388K(9472K) Class: 1127K(1280K)->1127K(1280K)
[2024-04-02T09:06:07.275+0530][4.445s][info][gc          ] GC(1) Pause Young (Normal) (G1 Evacuation Pause) 21M->6M(384M) 8.710ms
[2024-04-02T09:06:07.275+0530][4.445s][info][gc,cpu      ] GC(1) User=0.03s Sys=0.00s Real=0.02s
[2024-04-02T09:06:09.309+0530][6.473s][info][gc,start    ] GC(2) Pause Young (Normal) (G1 Evacuation Pause)
[2024-04-02T09:06:09.309+0530][6.473s][info][gc,task     ] GC(2) Using 4 workers of 4 for evacuation
[2024-04-02T09:06:09.318+0530][6.481s][info][gc,phases   ] GC(2)   Pre Evacuate Collection Set: 0.1ms
[2024-04-02T09:06:09.318+0530][6.481s][info][gc,phases   ] GC(2)   Merge Heap Roots: 0.1ms
[2024-04-02T09:06:09.318+0530][6.481s][info][gc,phases   ] GC(2)   Evacuate Collection Set: 7.7ms
[2024-04-02T09:06:09.318+0530][6.482s][info][gc,phases   ] GC(2)   Post Evacuate Collection Set: 0.5ms
[2024-04-02T09:06:09.318+0530][6.482s][info][gc,phases   ] GC(2)   Other: 0.2ms
[2024-04-02T09:06:09.318+0530][6.482s][info][gc,heap     ] GC(2) Eden regions: 24->0(63)
[2024-04-02T09:06:09.318+0530][6.482s][info][gc,heap     ] GC(2) Survivor regions: 2->4(4)
[2024-04-02T09:06:09.318+0530][6.482s][info][gc,heap     ] GC(2) Old regions: 6->8
[2024-04-02T09:06:09.318+0530][6.482s][info][gc,heap     ] GC(2) Archive regions: 0->0
[2024-04-02T09:06:09.318+0530][6.482s][info][gc,heap     ] GC(2) Humongous regions: 2->0
[2024-04-02T09:06:09.319+0530][6.482s][info][gc,metaspace] GC(2) Metaspace: 11384K(11584K)->11384K(11584K) NonClass: 10171K(10304K)->10171K(10304K) Class: 1213K(1280K)->1213K(1280K)
[2024-04-02T09:06:09.319+0530][6.482s][info][gc          ] GC(2) Pause Young (Normal) (G1 Evacuation Pause) 32M->11M(384M) 9.427ms
[2024-04-02T09:06:09.319+0530][6.482s][info][gc,cpu      ] GC(2) User=0.02s Sys=0.00s Real=0.01s
[2024-04-02T09:06:11.129+0530][8.300s][info][gc,start    ] GC(3) Pause Young (Normal) (G1 Evacuation Pause)
[2024-04-02T09:06:11.129+0530][8.300s][info][gc,task     ] GC(3) Using 4 workers of 4 for evacuation
[2024-04-02T09:06:11.144+0530][8.316s][info][gc,phases   ] GC(3)   Pre Evacuate Collection Set: 0.1ms
[2024-04-02T09:06:11.144+0530][8.316s][info][gc,phases   ] GC(3)   Merge Heap Roots: 0.1ms
[2024-04-02T09:06:11.144+0530][8.316s][info][gc,phases   ] GC(3)   Evacuate Collection Set: 14.9ms
[2024-04-02T09:06:11.144+0530][8.316s][info][gc,phases   ] GC(3)   Post Evacuate Collection Set: 0.9ms
[2024-04-02T09:06:11.144+0530][8.316s][info][gc,phases   ] GC(3)   Other: 0.3ms
[2024-04-02T09:06:11.144+0530][8.316s][info][gc,heap     ] GC(3) Eden regions: 63->0(57)
[2024-04-02T09:06:11.144+0530][8.316s][info][gc,heap     ] GC(3) Survivor regions: 4->9(9)
[2024-04-02T09:06:11.144+0530][8.316s][info][gc,heap     ] GC(3) Old regions: 8->16
[2024-04-02T09:06:11.144+0530][8.316s][info][gc,heap     ] GC(3) Archive regions: 0->0
[2024-04-02T09:06:11.144+0530][8.317s][info][gc,heap     ] GC(3) Humongous regions: 2->2
[2024-04-02T09:06:11.144+0530][8.317s][info][gc,metaspace] GC(3) Metaspace: 12515K(12736K)->12515K(12736K) NonClass: 11175K(11264K)->11175K(11264K) Class: 1340K(1472K)->1340K(1472K)
[2024-04-02T09:06:11.144+0530][8.317s][info][gc          ] GC(3) Pause Young (Normal) (G1 Evacuation Pause) 76M->26M(384M) 16.693ms
[2024-04-02T09:06:11.144+0530][8.317s][info][gc,cpu      ] GC(3) User=0.05s Sys=0.00s Real=0.02s
[2024-04-02T09:06:17.568+0530][14.736s][info][gc,start    ] GC(4) Pause Young (Normal) (G1 Evacuation Pause)
[2024-04-02T09:06:17.568+0530][14.736s][info][gc,task     ] GC(4) Using 4 workers of 4 for evacuation
[2024-04-02T09:06:17.584+0530][14.747s][info][gc,phases   ] GC(4)   Pre Evacuate Collection Set: 0.2ms
[2024-04-02T09:06:17.584+0530][14.748s][info][gc,phases   ] GC(4)   Merge Heap Roots: 0.1ms
[2024-04-02T09:06:17.584+0530][14.748s][info][gc,phases   ] GC(4)   Evacuate Collection Set: 9.9ms
[2024-04-02T09:06:17.584+0530][14.748s][info][gc,phases   ] GC(4)   Post Evacuate Collection Set: 0.8ms
[2024-04-02T09:06:17.584+0530][14.748s][info][gc,phases   ] GC(4)   Other: 0.2ms
[2024-04-02T09:06:17.584+0530][14.748s][info][gc,heap     ] GC(4) Eden regions: 56->0(174)
[2024-04-02T09:06:17.584+0530][14.748s][info][gc,heap     ] GC(4) Survivor regions: 9->4(9)
[2024-04-02T09:06:17.584+0530][14.748s][info][gc,heap     ] GC(4) Old regions: 16->25
[2024-04-02T09:06:17.584+0530][14.748s][info][gc,heap     ] GC(4) Archive regions: 0->0
[2024-04-02T09:06:17.584+0530][14.748s][info][gc,heap     ] GC(4) Humongous regions: 2->2
[2024-04-02T09:06:17.584+0530][14.748s][info][gc,metaspace] GC(4) Metaspace: 13423K(13632K)->13423K(13632K) NonClass: 12001K(12096K)->12001K(12096K) Class: 1422K(1536K)->1422K(1536K)
[2024-04-02T09:06:17.584+0530][14.748s][info][gc          ] GC(4) Pause Young (Normal) (G1 Evacuation Pause) 82M->29M(384M) 11.673ms
[2024-04-02T09:06:17.584+0530][14.748s][info][gc,cpu      ] GC(4) User=0.00s Sys=0.00s Real=0.02s
[2024-04-02T09:06:28.255+0530][25.423s][info][gc,start    ] GC(5) Pause Young (Normal) (G1 Evacuation Pause)
[2024-04-02T09:06:28.255+0530][25.423s][info][gc,task     ] GC(5) Using 4 workers of 4 for evacuation
[2024-04-02T09:06:28.255+0530][25.430s][info][gc,phases   ] GC(5)   Pre Evacuate Collection Set: 0.1ms
[2024-04-02T09:06:28.255+0530][25.430s][info][gc,phases   ] GC(5)   Merge Heap Roots: 0.1ms
[2024-04-02T09:06:28.255+0530][25.431s][info][gc,phases   ] GC(5)   Evacuate Collection Set: 6.6ms
[2024-04-02T09:06:28.255+0530][25.431s][info][gc,phases   ] GC(5)   Post Evacuate Collection Set: 0.7ms
[2024-04-02T09:06:28.255+0530][25.431s][info][gc,phases   ] GC(5)   Other: 0.3ms
[2024-04-02T09:06:28.255+0530][25.431s][info][gc,heap     ] GC(5) Eden regions: 174->0(225)
[2024-04-02T09:06:28.255+0530][25.431s][info][gc,heap     ] GC(5) Survivor regions: 4->5(23)
[2024-04-02T09:06:28.255+0530][25.431s][info][gc,heap     ] GC(5) Old regions: 25->25
[2024-04-02T09:06:28.255+0530][25.431s][info][gc,heap     ] GC(5) Archive regions: 0->0
[2024-04-02T09:06:28.255+0530][25.431s][info][gc,heap     ] GC(5) Humongous regions: 2->2
[2024-04-02T09:06:28.255+0530][25.431s][info][gc,metaspace] GC(5) Metaspace: 13456K(13696K)->13456K(13696K) NonClass: 12033K(12160K)->12033K(12160K) Class: 1422K(1536K)->1422K(1536K)
[2024-04-02T09:06:28.255+0530][25.431s][info][gc          ] GC(5) Pause Young (Normal) (G1 Evacuation Pause) 203M->30M(384M) 8.362ms
[2024-04-02T09:06:28.255+0530][25.431s][info][gc,cpu      ] GC(5) User=0.00s Sys=0.00s Real=0.00s
[2024-04-02T09:06:56.102+0530][53.278s][info][gc,start    ] GC(6) Pause Young (Normal) (G1 Evacuation Pause)
[2024-04-02T09:06:56.102+0530][53.278s][info][gc,task     ] GC(6) Using 4 workers of 4 for evacuation
[2024-04-02T09:06:56.118+0530][53.288s][info][gc,phases   ] GC(6)   Pre Evacuate Collection Set: 0.2ms
[2024-04-02T09:06:56.118+0530][53.288s][info][gc,phases   ] GC(6)   Merge Heap Roots: 0.1ms
[2024-04-02T09:06:56.118+0530][53.288s][info][gc,phases   ] GC(6)   Evacuate Collection Set: 9.3ms
[2024-04-02T09:06:56.118+0530][53.288s][info][gc,phases   ] GC(6)   Post Evacuate Collection Set: 0.7ms
[2024-04-02T09:06:56.118+0530][53.289s][info][gc,phases   ] GC(6)   Other: 0.3ms
[2024-04-02T09:06:56.118+0530][53.289s][info][gc,heap     ] GC(6) Eden regions: 225->0(223)
[2024-04-02T09:06:56.118+0530][53.289s][info][gc,heap     ] GC(6) Survivor regions: 5->7(29)
[2024-04-02T09:06:56.118+0530][53.289s][info][gc,heap     ] GC(6) Old regions: 25->25
[2024-04-02T09:06:56.118+0530][53.289s][info][gc,heap     ] GC(6) Archive regions: 0->0
[2024-04-02T09:06:56.118+0530][53.289s][info][gc,heap     ] GC(6) Humongous regions: 2->2
[2024-04-02T09:06:56.118+0530][53.289s][info][gc,metaspace] GC(6) Metaspace: 13463K(13696K)->13463K(13696K) NonClass: 12041K(12160K)->12041K(12160K) Class: 1422K(1536K)->1422K(1536K)
[2024-04-02T09:06:56.118+0530][53.289s][info][gc          ] GC(6) Pause Young (Normal) (G1 Evacuation Pause) 255M->33M(384M) 11.162ms
[2024-04-02T09:06:56.118+0530][53.289s][info][gc,cpu      ] GC(6) User=0.03s Sys=0.00s Real=0.02s
[2024-04-02T09:07:09.301+0530][66.472s][info][gc,start    ] GC(7) Pause Young (Normal) (G1 Evacuation Pause)
[2024-04-02T09:07:09.301+0530][66.472s][info][gc,task     ] GC(7) Using 4 workers of 4 for evacuation
[2024-04-02T09:07:09.316+0530][66.482s][info][gc,phases   ] GC(7)   Pre Evacuate Collection Set: 0.1ms
[2024-04-02T09:07:09.316+0530][66.482s][info][gc,phases   ] GC(7)   Merge Heap Roots: 0.1ms
[2024-04-02T09:07:09.316+0530][66.482s][info][gc,phases   ] GC(7)   Evacuate Collection Set: 8.8ms
[2024-04-02T09:07:09.316+0530][66.482s][info][gc,phases   ] GC(7)   Post Evacuate Collection Set: 0.7ms
[2024-04-02T09:07:09.316+0530][66.482s][info][gc,phases   ] GC(7)   Other: 0.3ms
[2024-04-02T09:07:09.316+0530][66.482s][info][gc,heap     ] GC(7) Eden regions: 223->0(222)
[2024-04-02T09:07:09.316+0530][66.482s][info][gc,heap     ] GC(7) Survivor regions: 7->8(29)
[2024-04-02T09:07:09.316+0530][66.482s][info][gc,heap     ] GC(7) Old regions: 25->25
[2024-04-02T09:07:09.316+0530][66.482s][info][gc,heap     ] GC(7) Archive regions: 0->0
[2024-04-02T09:07:09.316+0530][66.482s][info][gc,heap     ] GC(7) Humongous regions: 2->2
[2024-04-02T09:07:09.316+0530][66.482s][info][gc,metaspace] GC(7) Metaspace: 13642K(13824K)->13642K(13824K) NonClass: 12217K(12288K)->12217K(12288K) Class: 1424K(1536K)->1424K(1536K)
[2024-04-02T09:07:09.316+0530][66.482s][info][gc          ] GC(7) Pause Young (Normal) (G1 Evacuation Pause) 256M->34M(384M) 10.750ms
[2024-04-02T09:07:09.316+0530][66.482s][info][gc,cpu      ] GC(7) User=0.03s Sys=0.00s Real=0.01s
[2024-04-02T09:07:15.092+0530][72.268s][info][gc,start    ] GC(8) Pause Young (Normal) (G1 Evacuation Pause)
[2024-04-02T09:07:15.092+0530][72.269s][info][gc,task     ] GC(8) Using 4 workers of 4 for evacuation
[2024-04-02T09:07:15.107+0530][72.280s][info][gc,phases   ] GC(8)   Pre Evacuate Collection Set: 0.2ms
[2024-04-02T09:07:15.107+0530][72.280s][info][gc,phases   ] GC(8)   Merge Heap Roots: 0.2ms
[2024-04-02T09:07:15.107+0530][72.280s][info][gc,phases   ] GC(8)   Evacuate Collection Set: 9.8ms
[2024-04-02T09:07:15.107+0530][72.280s][info][gc,phases   ] GC(8)   Post Evacuate Collection Set: 1.1ms
[2024-04-02T09:07:15.107+0530][72.280s][info][gc,phases   ] GC(8)   Other: 0.4ms
[2024-04-02T09:07:15.107+0530][72.280s][info][gc,heap     ] GC(8) Eden regions: 222->0(222)
[2024-04-02T09:07:15.107+0530][72.281s][info][gc,heap     ] GC(8) Survivor regions: 8->8(29)
[2024-04-02T09:07:15.107+0530][72.281s][info][gc,heap     ] GC(8) Old regions: 25->25
[2024-04-02T09:07:15.107+0530][72.281s][info][gc,heap     ] GC(8) Archive regions: 0->0
[2024-04-02T09:07:15.107+0530][72.281s][info][gc,heap     ] GC(8) Humongous regions: 2->2
[2024-04-02T09:07:15.107+0530][72.281s][info][gc,metaspace] GC(8) Metaspace: 18992K(19264K)->18992K(19264K) NonClass: 16901K(17024K)->16901K(17024K) Class: 2091K(2240K)->2091K(2240K)
[2024-04-02T09:07:15.107+0530][72.281s][info][gc          ] GC(8) Pause Young (Normal) (G1 Evacuation Pause) 256M->33M(384M) 12.468ms
[2024-04-02T09:07:15.107+0530][72.281s][info][gc,cpu      ] GC(8) User=0.02s Sys=0.00s Real=0.02s
[2024-04-02T09:07:15.876+0530][73.053s][info][gc,start    ] GC(9) Pause Young (Concurrent Start) (Metadata GC Threshold)
[2024-04-02T09:07:15.876+0530][73.053s][info][gc,task     ] GC(9) Using 4 workers of 4 for evacuation
[2024-04-02T09:07:15.892+0530][73.066s][info][gc,phases   ] GC(9)   Pre Evacuate Collection Set: 0.1ms
[2024-04-02T09:07:15.892+0530][73.066s][info][gc,phases   ] GC(9)   Merge Heap Roots: 0.1ms
[2024-04-02T09:07:15.892+0530][73.066s][info][gc,phases   ] GC(9)   Evacuate Collection Set: 11.0ms
[2024-04-02T09:07:15.892+0530][73.066s][info][gc,phases   ] GC(9)   Post Evacuate Collection Set: 1.1ms
[2024-04-02T09:07:15.892+0530][73.066s][info][gc,phases   ] GC(9)   Other: 1.0ms
[2024-04-02T09:07:15.892+0530][73.066s][info][gc,heap     ] GC(9) Eden regions: 38->0(221)
[2024-04-02T09:07:15.892+0530][73.066s][info][gc,heap     ] GC(9) Survivor regions: 8->9(29)
[2024-04-02T09:07:15.892+0530][73.066s][info][gc,heap     ] GC(9) Old regions: 25->25
[2024-04-02T09:07:15.892+0530][73.066s][info][gc,heap     ] GC(9) Archive regions: 0->0
[2024-04-02T09:07:15.892+0530][73.066s][info][gc,heap     ] GC(9) Humongous regions: 2->2
[2024-04-02T09:07:15.892+0530][73.067s][info][gc,metaspace] GC(9) Metaspace: 21246K(21504K)->21246K(21504K) NonClass: 18884K(19008K)->18884K(19008K) Class: 2362K(2496K)->2362K(2496K)
[2024-04-02T09:07:15.892+0530][73.067s][info][gc          ] GC(9) Pause Young (Concurrent Start) (Metadata GC Threshold) 71M->34M(384M) 13.979ms
[2024-04-02T09:07:15.892+0530][73.067s][info][gc,cpu      ] GC(9) User=0.02s Sys=0.00s Real=0.02s
[2024-04-02T09:07:15.892+0530][73.067s][info][gc          ] GC(10) Concurrent Mark Cycle
[2024-04-02T09:07:15.892+0530][73.067s][info][gc,marking  ] GC(10) Concurrent Clear Claimed Marks
[2024-04-02T09:07:15.892+0530][73.067s][info][gc,marking  ] GC(10) Concurrent Clear Claimed Marks 0.071ms
[2024-04-02T09:07:15.892+0530][73.067s][info][gc,marking  ] GC(10) Concurrent Scan Root Regions
[2024-04-02T09:07:15.907+0530][73.077s][info][gc,marking  ] GC(10) Concurrent Scan Root Regions 9.826ms
[2024-04-02T09:07:15.907+0530][73.077s][info][gc,marking  ] GC(10) Concurrent Mark
[2024-04-02T09:07:15.907+0530][73.077s][info][gc,marking  ] GC(10) Concurrent Mark From Roots
[2024-04-02T09:07:15.907+0530][73.077s][info][gc,task     ] GC(10) Using 1 workers of 1 for marking
[2024-04-02T09:07:15.938+0530][73.113s][info][gc,marking  ] GC(10) Concurrent Mark From Roots 36.424ms
[2024-04-02T09:07:15.938+0530][73.113s][info][gc,marking  ] GC(10) Concurrent Preclean
[2024-04-02T09:07:15.938+0530][73.114s][info][gc,marking  ] GC(10) Concurrent Preclean 0.221ms
[2024-04-02T09:07:15.938+0530][73.114s][info][gc,start    ] GC(10) Pause Remark
[2024-04-02T09:07:15.955+0530][73.120s][info][gc          ] GC(10) Pause Remark 36M->36M(384M) 5.865ms
[2024-04-02T09:07:15.955+0530][73.120s][info][gc,cpu      ] GC(10) User=0.02s Sys=0.00s Real=0.02s
[2024-04-02T09:07:15.955+0530][73.120s][info][gc,marking  ] GC(10) Concurrent Mark 43.195ms
[2024-04-02T09:07:15.955+0530][73.120s][info][gc,marking  ] GC(10) Concurrent Rebuild Remembered Sets
[2024-04-02T09:07:15.970+0530][73.136s][info][gc,marking  ] GC(10) Concurrent Rebuild Remembered Sets 15.727ms
[2024-04-02T09:07:15.970+0530][73.136s][info][gc,start    ] GC(10) Pause Cleanup
[2024-04-02T09:07:15.970+0530][73.136s][info][gc          ] GC(10) Pause Cleanup 36M->36M(384M) 0.170ms
[2024-04-02T09:07:15.970+0530][73.136s][info][gc,cpu      ] GC(10) User=0.00s Sys=0.00s Real=0.00s
[2024-04-02T09:07:15.970+0530][73.136s][info][gc,marking  ] GC(10) Concurrent Cleanup for Next Mark
[2024-04-02T09:07:15.970+0530][73.141s][info][gc,marking  ] GC(10) Concurrent Cleanup for Next Mark 4.604ms
[2024-04-02T09:07:15.970+0530][73.141s][info][gc          ] GC(10) Concurrent Mark Cycle 74.382ms
[2024-04-02T09:07:20.663+0530][77.839s][info][gc,start    ] GC(11) Pause Young (Normal) (G1 Evacuation Pause)
[2024-04-02T09:07:20.663+0530][77.839s][info][gc,task     ] GC(11) Using 4 workers of 4 for evacuation
[2024-04-02T09:07:20.693+0530][77.862s][info][gc,phases   ] GC(11)   Pre Evacuate Collection Set: 0.1ms
[2024-04-02T09:07:20.693+0530][77.862s][info][gc,phases   ] GC(11)   Merge Heap Roots: 0.1ms
[2024-04-02T09:07:20.693+0530][77.862s][info][gc,phases   ] GC(11)   Evacuate Collection Set: 21.7ms
[2024-04-02T09:07:20.693+0530][77.862s][info][gc,phases   ] GC(11)   Post Evacuate Collection Set: 1.2ms
[2024-04-02T09:07:20.693+0530][77.862s][info][gc,phases   ] GC(11)   Other: 0.3ms
[2024-04-02T09:07:20.693+0530][77.862s][info][gc,heap     ] GC(11) Eden regions: 221->0(207)
[2024-04-02T09:07:20.693+0530][77.862s][info][gc,heap     ] GC(11) Survivor regions: 9->23(29)
[2024-04-02T09:07:20.693+0530][77.862s][info][gc,heap     ] GC(11) Old regions: 25->25
[2024-04-02T09:07:20.693+0530][77.862s][info][gc,heap     ] GC(11) Archive regions: 0->0
[2024-04-02T09:07:20.693+0530][77.863s][info][gc,heap     ] GC(11) Humongous regions: 4->2
[2024-04-02T09:07:20.693+0530][77.863s][info][gc,metaspace] GC(11) Metaspace: 29764K(30144K)->29764K(30144K) NonClass: 26281K(26496K)->26281K(26496K) Class: 3482K(3648K)->3482K(3648K)
[2024-04-02T09:07:20.693+0530][77.863s][info][gc          ] GC(11) Pause Young (Normal) (G1 Evacuation Pause) 257M->49M(384M) 23.980ms
[2024-04-02T09:07:20.693+0530][77.863s][info][gc,cpu      ] GC(11) User=0.08s Sys=0.00s Real=0.03s
[2024-04-02T09:07:23.110+0530][80.283s][info][gc,start    ] GC(12) Pause Young (Concurrent Start) (Metadata GC Threshold)
[2024-04-02T09:07:23.110+0530][80.283s][info][gc,task     ] GC(12) Using 4 workers of 4 for evacuation
[2024-04-02T09:07:23.141+0530][80.307s][info][gc,phases   ] GC(12)   Pre Evacuate Collection Set: 0.1ms
[2024-04-02T09:07:23.141+0530][80.307s][info][gc,phases   ] GC(12)   Merge Heap Roots: 0.1ms
[2024-04-02T09:07:23.141+0530][80.307s][info][gc,phases   ] GC(12)   Evacuate Collection Set: 22.2ms
[2024-04-02T09:07:23.141+0530][80.307s][info][gc,phases   ] GC(12)   Post Evacuate Collection Set: 1.1ms
[2024-04-02T09:07:23.141+0530][80.307s][info][gc,phases   ] GC(12)   Other: 0.3ms
[2024-04-02T09:07:23.141+0530][80.307s][info][gc,heap     ] GC(12) Eden regions: 108->0(210)
[2024-04-02T09:07:23.141+0530][80.307s][info][gc,heap     ] GC(12) Survivor regions: 23->20(29)
[2024-04-02T09:07:23.141+0530][80.307s][info][gc,heap     ] GC(12) Old regions: 25->33
[2024-04-02T09:07:23.141+0530][80.307s][info][gc,heap     ] GC(12) Archive regions: 0->0
[2024-04-02T09:07:23.141+0530][80.307s][info][gc,heap     ] GC(12) Humongous regions: 2->2
[2024-04-02T09:07:23.141+0530][80.307s][info][gc,metaspace] GC(12) Metaspace: 35752K(36160K)->35752K(36160K) NonClass: 31600K(31808K)->31600K(31808K) Class: 4151K(4352K)->4151K(4352K)
[2024-04-02T09:07:23.141+0530][80.307s][info][gc          ] GC(12) Pause Young (Concurrent Start) (Metadata GC Threshold) 156M->53M(384M) 24.493ms
[2024-04-02T09:07:23.141+0530][80.307s][info][gc,cpu      ] GC(12) User=0.06s Sys=0.02s Real=0.03s
[2024-04-02T09:07:23.141+0530][80.307s][info][gc          ] GC(13) Concurrent Mark Cycle
[2024-04-02T09:07:23.141+0530][80.308s][info][gc,marking  ] GC(13) Concurrent Clear Claimed Marks
[2024-04-02T09:07:23.141+0530][80.308s][info][gc,marking  ] GC(13) Concurrent Clear Claimed Marks 0.066ms
[2024-04-02T09:07:23.141+0530][80.308s][info][gc,marking  ] GC(13) Concurrent Scan Root Regions
[2024-04-02T09:07:23.157+0530][80.324s][info][gc,marking  ] GC(13) Concurrent Scan Root Regions 16.292ms
[2024-04-02T09:07:23.157+0530][80.324s][info][gc,marking  ] GC(13) Concurrent Mark
[2024-04-02T09:07:23.157+0530][80.324s][info][gc,marking  ] GC(13) Concurrent Mark From Roots
[2024-04-02T09:07:23.157+0530][80.324s][info][gc,task     ] GC(13) Using 1 workers of 1 for marking
[2024-04-02T09:07:23.188+0530][80.354s][info][gc,marking  ] GC(13) Concurrent Mark From Roots 30.317ms
[2024-04-02T09:07:23.188+0530][80.355s][info][gc,marking  ] GC(13) Concurrent Preclean
[2024-04-02T09:07:23.188+0530][80.355s][info][gc,marking  ] GC(13) Concurrent Preclean 0.144ms
[2024-04-02T09:07:23.188+0530][80.355s][info][gc,start    ] GC(13) Pause Remark
[2024-04-02T09:07:23.188+0530][80.359s][info][gc          ] GC(13) Pause Remark 56M->56M(384M) 3.896ms
[2024-04-02T09:07:23.188+0530][80.359s][info][gc,cpu      ] GC(13) User=0.00s Sys=0.00s Real=0.00s
[2024-04-02T09:07:23.188+0530][80.359s][info][gc,marking  ] GC(13) Concurrent Mark 35.088ms
[2024-04-02T09:07:23.188+0530][80.359s][info][gc,marking  ] GC(13) Concurrent Rebuild Remembered Sets
[2024-04-02T09:07:23.220+0530][80.383s][info][gc,marking  ] GC(13) Concurrent Rebuild Remembered Sets 23.411ms
[2024-04-02T09:07:23.220+0530][80.383s][info][gc,start    ] GC(13) Pause Cleanup
[2024-04-02T09:07:23.220+0530][80.383s][info][gc          ] GC(13) Pause Cleanup 59M->59M(384M) 0.170ms
[2024-04-02T09:07:23.220+0530][80.383s][info][gc,cpu      ] GC(13) User=0.00s Sys=0.00s Real=0.00s
[2024-04-02T09:07:23.220+0530][80.383s][info][gc,marking  ] GC(13) Concurrent Cleanup for Next Mark
[2024-04-02T09:07:23.220+0530][80.388s][info][gc,marking  ] GC(13) Concurrent Cleanup for Next Mark 5.063ms
[2024-04-02T09:07:23.220+0530][80.388s][info][gc          ] GC(13) Concurrent Mark Cycle 80.839ms
[2024-04-02T09:07:24.673+0530][81.841s][info][gc,start    ] GC(14) Pause Young (Prepare Mixed) (G1 Evacuation Pause)
[2024-04-02T09:07:24.673+0530][81.841s][info][gc,task     ] GC(14) Using 4 workers of 4 for evacuation
[2024-04-02T09:07:24.696+0530][81.865s][info][gc,phases   ] GC(14)   Pre Evacuate Collection Set: 0.1ms
[2024-04-02T09:07:24.696+0530][81.865s][info][gc,phases   ] GC(14)   Merge Heap Roots: 0.1ms
[2024-04-02T09:07:24.696+0530][81.865s][info][gc,phases   ] GC(14)   Evacuate Collection Set: 22.5ms
[2024-04-02T09:07:24.696+0530][81.865s][info][gc,phases   ] GC(14)   Post Evacuate Collection Set: 0.8ms
[2024-04-02T09:07:24.696+0530][81.865s][info][gc,phases   ] GC(14)   Other: 0.3ms
[2024-04-02T09:07:24.696+0530][81.865s][info][gc,heap     ] GC(14) Eden regions: 210->0(11)
[2024-04-02T09:07:24.696+0530][81.865s][info][gc,heap     ] GC(14) Survivor regions: 20->8(29)
[2024-04-02T09:07:24.696+0530][81.865s][info][gc,heap     ] GC(14) Old regions: 33->48
[2024-04-02T09:07:24.696+0530][81.865s][info][gc,heap     ] GC(14) Archive regions: 0->0
[2024-04-02T09:07:24.696+0530][81.865s][info][gc,heap     ] GC(14) Humongous regions: 5->2
[2024-04-02T09:07:24.696+0530][81.865s][info][gc,metaspace] GC(14) Metaspace: 38167K(38592K)->38167K(38592K) NonClass: 33812K(34048K)->33812K(34048K) Class: 4355K(4544K)->4355K(4544K)
[2024-04-02T09:07:24.696+0530][81.865s][info][gc          ] GC(14) Pause Young (Prepare Mixed) (G1 Evacuation Pause) 266M->57M(384M) 24.379ms
[2024-04-02T09:07:24.696+0530][81.866s][info][gc,cpu      ] GC(14) User=0.03s Sys=0.00s Real=0.02s
[2024-04-02T09:07:24.711+0530][81.881s][info][gc,start    ] GC(15) Pause Young (Mixed) (G1 Evacuation Pause)
[2024-04-02T09:07:24.711+0530][81.881s][info][gc,task     ] GC(15) Using 4 workers of 4 for evacuation
[2024-04-02T09:07:24.727+0530][81.891s][info][gc,phases   ] GC(15)   Pre Evacuate Collection Set: 0.1ms
[2024-04-02T09:07:24.727+0530][81.891s][info][gc,phases   ] GC(15)   Merge Heap Roots: 0.1ms
[2024-04-02T09:07:24.727+0530][81.891s][info][gc,phases   ] GC(15)   Evacuate Collection Set: 9.4ms
[2024-04-02T09:07:24.727+0530][81.891s][info][gc,phases   ] GC(15)   Post Evacuate Collection Set: 0.7ms
[2024-04-02T09:07:24.727+0530][81.891s][info][gc,phases   ] GC(15)   Other: 0.3ms
[2024-04-02T09:07:24.727+0530][81.891s][info][gc,heap     ] GC(15) Eden regions: 11->0(228)
[2024-04-02T09:07:24.727+0530][81.891s][info][gc,heap     ] GC(15) Survivor regions: 8->2(3)
[2024-04-02T09:07:24.727+0530][81.891s][info][gc,heap     ] GC(15) Old regions: 48->54
[2024-04-02T09:07:24.727+0530][81.891s][info][gc,heap     ] GC(15) Archive regions: 0->0
[2024-04-02T09:07:24.727+0530][81.892s][info][gc,heap     ] GC(15) Humongous regions: 2->2
[2024-04-02T09:07:24.727+0530][81.892s][info][gc,metaspace] GC(15) Metaspace: 38167K(38592K)->38167K(38592K) NonClass: 33812K(34048K)->33812K(34048K) Class: 4355K(4544K)->4355K(4544K)
[2024-04-02T09:07:24.727+0530][81.892s][info][gc          ] GC(15) Pause Young (Mixed) (G1 Evacuation Pause) 68M->56M(384M) 11.061ms
[2024-04-02T09:07:24.727+0530][81.892s][info][gc,cpu      ] GC(15) User=0.05s Sys=0.00s Real=0.02s
[2024-04-02T09:07:25.386+0530][82.562s][info][gc,start    ] GC(16) Pause Young (Normal) (G1 Evacuation Pause)
[2024-04-02T09:07:25.386+0530][82.562s][info][gc,task     ] GC(16) Using 4 workers of 4 for evacuation
[2024-04-02T09:07:25.418+0530][82.581s][info][gc,phases   ] GC(16)   Pre Evacuate Collection Set: 0.1ms
[2024-04-02T09:07:25.418+0530][82.581s][info][gc,phases   ] GC(16)   Merge Heap Roots: 0.1ms
[2024-04-02T09:07:25.418+0530][82.581s][info][gc,phases   ] GC(16)   Evacuate Collection Set: 18.0ms
[2024-04-02T09:07:25.418+0530][82.581s][info][gc,phases   ] GC(16)   Post Evacuate Collection Set: 0.6ms
[2024-04-02T09:07:25.418+0530][82.581s][info][gc,phases   ] GC(16)   Other: 0.3ms
[2024-04-02T09:07:25.418+0530][82.581s][info][gc,heap     ] GC(16) Eden regions: 228->0(223)
[2024-04-02T09:07:25.418+0530][82.581s][info][gc,heap     ] GC(16) Survivor regions: 2->7(29)
[2024-04-02T09:07:25.418+0530][82.581s][info][gc,heap     ] GC(16) Old regions: 54->54
[2024-04-02T09:07:25.418+0530][82.581s][info][gc,heap     ] GC(16) Archive regions: 0->0
[2024-04-02T09:07:25.418+0530][82.581s][info][gc,heap     ] GC(16) Humongous regions: 4->4
[2024-04-02T09:07:25.418+0530][82.581s][info][gc,metaspace] GC(16) Metaspace: 38899K(39296K)->38899K(39296K) NonClass: 34451K(34624K)->34451K(34624K) Class: 4448K(4672K)->4448K(4672K)
[2024-04-02T09:07:25.418+0530][82.582s][info][gc          ] GC(16) Pause Young (Normal) (G1 Evacuation Pause) 286M->64M(384M) 19.877ms
[2024-04-02T09:07:25.418+0530][82.582s][info][gc,cpu      ] GC(16) User=0.06s Sys=0.00s Real=0.03s
[2024-04-02T09:07:26.563+0530][83.729s][info][gc,start    ] GC(17) Pause Young (Concurrent Start) (System.gc())
[2024-04-02T09:07:26.563+0530][83.729s][info][gc,task     ] GC(17) Using 4 workers of 4 for evacuation
[2024-04-02T09:07:26.563+0530][83.738s][info][gc,phases   ] GC(17)   Pre Evacuate Collection Set: 0.1ms
[2024-04-02T09:07:26.563+0530][83.739s][info][gc,phases   ] GC(17)   Merge Heap Roots: 0.1ms
[2024-04-02T09:07:26.563+0530][83.739s][info][gc,phases   ] GC(17)   Evacuate Collection Set: 8.4ms
[2024-04-02T09:07:26.563+0530][83.739s][info][gc,phases   ] GC(17)   Post Evacuate Collection Set: 0.6ms
[2024-04-02T09:07:26.563+0530][83.739s][info][gc,phases   ] GC(17)   Other: 0.2ms
[2024-04-02T09:07:26.563+0530][83.739s][info][gc,heap     ] GC(17) Eden regions: 39->0(222)
[2024-04-02T09:07:26.563+0530][83.739s][info][gc,heap     ] GC(17) Survivor regions: 7->8(29)
[2024-04-02T09:07:26.563+0530][83.739s][info][gc,heap     ] GC(17) Old regions: 54->54
[2024-04-02T09:07:26.563+0530][83.739s][info][gc,heap     ] GC(17) Archive regions: 0->0
[2024-04-02T09:07:26.563+0530][83.739s][info][gc,heap     ] GC(17) Humongous regions: 6->6
[2024-04-02T09:07:26.563+0530][83.739s][info][gc,metaspace] GC(17) Metaspace: 40459K(40960K)->40459K(40960K) NonClass: 35912K(36160K)->35912K(36160K) Class: 4547K(4800K)->4547K(4800K)
[2024-04-02T09:07:26.563+0530][83.739s][info][gc          ] GC(17) Pause Young (Concurrent Start) (System.gc()) 104M->66M(384M) 10.204ms
[2024-04-02T09:07:26.563+0530][83.739s][info][gc,cpu      ] GC(17) User=0.00s Sys=0.00s Real=0.00s
[2024-04-02T09:07:26.563+0530][83.739s][info][gc          ] GC(18) Concurrent Mark Cycle
[2024-04-02T09:07:26.563+0530][83.739s][info][gc,marking  ] GC(18) Concurrent Clear Claimed Marks
[2024-04-02T09:07:26.563+0530][83.739s][info][gc,marking  ] GC(18) Concurrent Clear Claimed Marks 0.072ms
[2024-04-02T09:07:26.563+0530][83.740s][info][gc,marking  ] GC(18) Concurrent Scan Root Regions
[2024-04-02T09:07:26.579+0530][83.745s][info][gc,marking  ] GC(18) Concurrent Scan Root Regions 5.864ms
[2024-04-02T09:07:26.579+0530][83.745s][info][gc,marking  ] GC(18) Concurrent Mark
[2024-04-02T09:07:26.579+0530][83.746s][info][gc,marking  ] GC(18) Concurrent Mark From Roots
[2024-04-02T09:07:26.579+0530][83.746s][info][gc,task     ] GC(18) Using 1 workers of 1 for marking
[2024-04-02T09:07:26.641+0530][83.809s][info][gc,marking  ] GC(18) Concurrent Mark From Roots 63.701ms
[2024-04-02T09:07:26.641+0530][83.809s][info][gc,marking  ] GC(18) Concurrent Preclean
[2024-04-02T09:07:26.641+0530][83.810s][info][gc,marking  ] GC(18) Concurrent Preclean 0.258ms
[2024-04-02T09:07:26.641+0530][83.810s][info][gc,start    ] GC(18) Pause Remark
[2024-04-02T09:07:26.641+0530][83.814s][info][gc          ] GC(18) Pause Remark 66M->66M(384M) 4.587ms
[2024-04-02T09:07:26.641+0530][83.814s][info][gc,cpu      ] GC(18) User=0.00s Sys=0.00s Real=0.00s
[2024-04-02T09:07:26.641+0530][83.815s][info][gc,marking  ] GC(18) Concurrent Mark 69.056ms
[2024-04-02T09:07:26.641+0530][83.815s][info][gc,marking  ] GC(18) Concurrent Rebuild Remembered Sets
[2024-04-02T09:07:26.678+0530][83.845s][info][gc,marking  ] GC(18) Concurrent Rebuild Remembered Sets 30.129ms
[2024-04-02T09:07:26.678+0530][83.845s][info][gc,start    ] GC(18) Pause Cleanup
[2024-04-02T09:07:26.678+0530][83.845s][info][gc          ] GC(18) Pause Cleanup 66M->66M(384M) 0.169ms
[2024-04-02T09:07:26.678+0530][83.845s][info][gc,cpu      ] GC(18) User=0.00s Sys=0.00s Real=0.00s
[2024-04-02T09:07:26.678+0530][83.845s][info][gc,marking  ] GC(18) Concurrent Cleanup for Next Mark
[2024-04-02T09:07:26.678+0530][83.847s][info][gc,marking  ] GC(18) Concurrent Cleanup for Next Mark 1.511ms
[2024-04-02T09:07:26.678+0530][83.847s][info][gc          ] GC(18) Concurrent Mark Cycle 107.509ms
[2024-04-02T09:07:37.964+0530][95.130s][info][gc,start    ] GC(19) Pause Young (Prepare Mixed) (G1 Evacuation Pause)
[2024-04-02T09:07:37.964+0530][95.130s][info][gc,task     ] GC(19) Using 4 workers of 4 for evacuation
[2024-04-02T09:07:37.980+0530][95.155s][info][gc,phases   ] GC(19)   Pre Evacuate Collection Set: 0.1ms
[2024-04-02T09:07:37.980+0530][95.155s][info][gc,phases   ] GC(19)   Merge Heap Roots: 0.2ms
[2024-04-02T09:07:37.980+0530][95.155s][info][gc,phases   ] GC(19)   Evacuate Collection Set: 23.6ms
[2024-04-02T09:07:37.980+0530][95.155s][info][gc,phases   ] GC(19)   Post Evacuate Collection Set: 1.1ms
[2024-04-02T09:07:37.980+0530][95.155s][info][gc,phases   ] GC(19)   Other: 0.3ms
[2024-04-02T09:07:37.980+0530][95.155s][info][gc,heap     ] GC(19) Eden regions: 222->0(1)
[2024-04-02T09:07:37.980+0530][95.155s][info][gc,heap     ] GC(19) Survivor regions: 8->24(29)
[2024-04-02T09:07:37.980+0530][95.155s][info][gc,heap     ] GC(19) Old regions: 54->54
[2024-04-02T09:07:37.980+0530][95.155s][info][gc,heap     ] GC(19) Archive regions: 0->0
[2024-04-02T09:07:37.980+0530][95.155s][info][gc,heap     ] GC(19) Humongous regions: 8->6
[2024-04-02T09:07:37.980+0530][95.155s][info][gc,metaspace] GC(19) Metaspace: 55123K(55552K)->55123K(55552K) NonClass: 48617K(48832K)->48617K(48832K) Class: 6505K(6720K)->6505K(6720K)
[2024-04-02T09:07:37.980+0530][95.155s][info][gc          ] GC(19) Pause Young (Prepare Mixed) (G1 Evacuation Pause) 290M->82M(384M) 25.688ms
[2024-04-02T09:07:37.980+0530][95.155s][info][gc,cpu      ] GC(19) User=0.09s Sys=0.00s Real=0.02s
[2024-04-02T09:07:38.058+0530][95.233s][info][gc,start    ] GC(20) Pause Young (Mixed) (G1 Evacuation Pause)
[2024-04-02T09:07:38.058+0530][95.233s][info][gc,task     ] GC(20) Using 4 workers of 4 for evacuation
[2024-04-02T09:07:38.089+0530][95.257s][info][gc,phases   ] GC(20)   Pre Evacuate Collection Set: 0.1ms
[2024-04-02T09:07:38.089+0530][95.257s][info][gc,phases   ] GC(20)   Merge Heap Roots: 0.1ms
[2024-04-02T09:07:38.089+0530][95.257s][info][gc,phases   ] GC(20)   Evacuate Collection Set: 23.1ms
[2024-04-02T09:07:38.089+0530][95.257s][info][gc,phases   ] GC(20)   Post Evacuate Collection Set: 0.8ms
[2024-04-02T09:07:38.089+0530][95.257s][info][gc,phases   ] GC(20)   Other: 0.3ms
[2024-04-02T09:07:38.089+0530][95.257s][info][gc,heap     ] GC(20) Eden regions: 1->0(225)
[2024-04-02T09:07:38.089+0530][95.257s][info][gc,heap     ] GC(20) Survivor regions: 24->2(4)
[2024-04-02T09:07:38.089+0530][95.258s][info][gc,heap     ] GC(20) Old regions: 54->74
[2024-04-02T09:07:38.095+0530][95.258s][info][gc,heap     ] GC(20) Archive regions: 0->0
[2024-04-02T09:07:38.095+0530][95.258s][info][gc,heap     ] GC(20) Humongous regions: 6->6
[2024-04-02T09:07:38.095+0530][95.258s][info][gc,metaspace] GC(20) Metaspace: 55220K(55616K)->55220K(55616K) NonClass: 48704K(48896K)->48704K(48896K) Class: 6516K(6720K)->6516K(6720K)
[2024-04-02T09:07:38.095+0530][95.258s][info][gc          ] GC(20) Pause Young (Mixed) (G1 Evacuation Pause) 83M->81M(384M) 24.948ms
[2024-04-02T09:07:38.095+0530][95.258s][info][gc,cpu      ] GC(20) User=0.03s Sys=0.03s Real=0.04s
[2024-04-02T09:07:46.158+0530][103.330s][info][gc,start    ] GC(21) Pause Young (Normal) (G1 Evacuation Pause)
[2024-04-02T09:07:46.158+0530][103.330s][info][gc,task     ] GC(21) Using 4 workers of 4 for evacuation
[2024-04-02T09:07:46.173+0530][103.344s][info][gc,phases   ] GC(21)   Pre Evacuate Collection Set: 0.1ms
[2024-04-02T09:07:46.173+0530][103.344s][info][gc,phases   ] GC(21)   Merge Heap Roots: 0.2ms
[2024-04-02T09:07:46.173+0530][103.344s][info][gc,phases   ] GC(21)   Evacuate Collection Set: 12.1ms
[2024-04-02T09:07:46.173+0530][103.344s][info][gc,phases   ] GC(21)   Post Evacuate Collection Set: 1.1ms
[2024-04-02T09:07:46.173+0530][103.344s][info][gc,phases   ] GC(21)   Other: 0.2ms
[2024-04-02T09:07:46.173+0530][103.344s][info][gc,heap     ] GC(21) Eden regions: 225->0(207)
[2024-04-02T09:07:46.173+0530][103.344s][info][gc,heap     ] GC(21) Survivor regions: 2->18(29)
[2024-04-02T09:07:46.173+0530][103.344s][info][gc,heap     ] GC(21) Old regions: 74->74
[2024-04-02T09:07:46.173+0530][103.344s][info][gc,heap     ] GC(21) Archive regions: 0->0
[2024-04-02T09:07:46.173+0530][103.344s][info][gc,heap     ] GC(21) Humongous regions: 8->6
[2024-04-02T09:07:46.173+0530][103.344s][info][gc,metaspace] GC(21) Metaspace: 63943K(64320K)->63943K(64320K) NonClass: 56165K(56384K)->56165K(56384K) Class: 7778K(7936K)->7778K(7936K)
[2024-04-02T09:07:46.173+0530][103.344s][info][gc          ] GC(21) Pause Young (Normal) (G1 Evacuation Pause) 308M->97M(384M) 14.121ms
[2024-04-02T09:07:46.173+0530][103.344s][info][gc,cpu      ] GC(21) User=0.02s Sys=0.00s Real=0.02s
[2024-04-02T09:07:48.842+0530][106.010s][info][gc,start    ] GC(22) Pause Young (Concurrent Start) (Metadata GC Threshold)
[2024-04-02T09:07:48.842+0530][106.010s][info][gc,task     ] GC(22) Using 4 workers of 4 for evacuation
[2024-04-02T09:07:48.858+0530][106.024s][info][gc,phases   ] GC(22)   Pre Evacuate Collection Set: 0.1ms
[2024-04-02T09:07:48.858+0530][106.024s][info][gc,phases   ] GC(22)   Merge Heap Roots: 0.2ms
[2024-04-02T09:07:48.858+0530][106.024s][info][gc,phases   ] GC(22)   Evacuate Collection Set: 12.3ms
[2024-04-02T09:07:48.858+0530][106.024s][info][gc,phases   ] GC(22)   Post Evacuate Collection Set: 1.0ms
[2024-04-02T09:07:48.858+0530][106.024s][info][gc,phases   ] GC(22)   Other: 0.3ms
[2024-04-02T09:07:48.858+0530][106.024s][info][gc,heap     ] GC(22) Eden regions: 125->0(209)
[2024-04-02T09:07:48.858+0530][106.024s][info][gc,heap     ] GC(22) Survivor regions: 18->10(29)
[2024-04-02T09:07:48.858+0530][106.024s][info][gc,heap     ] GC(22) Old regions: 74->79
[2024-04-02T09:07:48.858+0530][106.024s][info][gc,heap     ] GC(22) Archive regions: 0->0
[2024-04-02T09:07:48.858+0530][106.024s][info][gc,heap     ] GC(22) Humongous regions: 6->4
[2024-04-02T09:07:48.858+0530][106.024s][info][gc,metaspace] GC(22) Metaspace: 67824K(68288K)->67824K(68288K) NonClass: 59491K(59712K)->59491K(59712K) Class: 8333K(8576K)->8333K(8576K)
[2024-04-02T09:07:48.858+0530][106.024s][info][gc          ] GC(22) Pause Young (Concurrent Start) (Metadata GC Threshold) 222M->92M(384M) 14.153ms
[2024-04-02T09:07:48.858+0530][106.024s][info][gc,cpu      ] GC(22) User=0.02s Sys=0.00s Real=0.02s
[2024-04-02T09:07:48.858+0530][106.024s][info][gc          ] GC(23) Concurrent Mark Cycle
[2024-04-02T09:07:48.858+0530][106.024s][info][gc,marking  ] GC(23) Concurrent Clear Claimed Marks
[2024-04-02T09:07:48.858+0530][106.024s][info][gc,marking  ] GC(23) Concurrent Clear Claimed Marks 0.080ms
[2024-04-02T09:07:48.858+0530][106.024s][info][gc,marking  ] GC(23) Concurrent Scan Root Regions
[2024-04-02T09:07:48.858+0530][106.034s][info][gc,marking  ] GC(23) Concurrent Scan Root Regions 9.367ms
[2024-04-02T09:07:48.858+0530][106.034s][info][gc,marking  ] GC(23) Concurrent Mark
[2024-04-02T09:07:48.858+0530][106.034s][info][gc,marking  ] GC(23) Concurrent Mark From Roots
[2024-04-02T09:07:48.858+0530][106.034s][info][gc,task     ] GC(23) Using 1 workers of 1 for marking
[2024-04-02T09:07:48.968+0530][106.132s][info][gc,marking  ] GC(23) Concurrent Mark From Roots 97.969ms
[2024-04-02T09:07:48.968+0530][106.132s][info][gc,marking  ] GC(23) Concurrent Preclean
[2024-04-02T09:07:48.968+0530][106.132s][info][gc,marking  ] GC(23) Concurrent Preclean 0.312ms
[2024-04-02T09:07:48.968+0530][106.132s][info][gc,start    ] GC(23) Pause Remark
[2024-04-02T09:07:48.968+0530][106.138s][info][gc          ] GC(23) Pause Remark 93M->88M(384M) 5.540ms
[2024-04-02T09:07:48.968+0530][106.138s][info][gc,cpu      ] GC(23) User=0.00s Sys=0.00s Real=0.00s
[2024-04-02T09:07:48.968+0530][106.138s][info][gc,marking  ] GC(23) Concurrent Mark 104.445ms
[2024-04-02T09:07:48.968+0530][106.138s][info][gc,marking  ] GC(23) Concurrent Rebuild Remembered Sets
[2024-04-02T09:07:49.030+0530][106.208s][info][gc,marking  ] GC(23) Concurrent Rebuild Remembered Sets 70.213ms
[2024-04-02T09:07:49.046+0530][106.209s][info][gc,start    ] GC(23) Pause Cleanup
[2024-04-02T09:07:49.046+0530][106.209s][info][gc          ] GC(23) Pause Cleanup 93M->93M(384M) 0.239ms
[2024-04-02T09:07:49.046+0530][106.209s][info][gc,cpu      ] GC(23) User=0.00s Sys=0.00s Real=0.00s
[2024-04-02T09:07:49.046+0530][106.209s][info][gc,marking  ] GC(23) Concurrent Cleanup for Next Mark
[2024-04-02T09:07:49.046+0530][106.211s][info][gc,marking  ] GC(23) Concurrent Cleanup for Next Mark 1.736ms
[2024-04-02T09:07:49.046+0530][106.211s][info][gc          ] GC(23) Concurrent Mark Cycle 186.952ms
[2024-04-02T09:07:52.844+0530][110.011s][info][gc,start    ] GC(24) Pause Young (Prepare Mixed) (G1 Evacuation Pause)
[2024-04-02T09:07:52.844+0530][110.011s][info][gc,task     ] GC(24) Using 4 workers of 4 for evacuation
[2024-04-02T09:07:52.860+0530][110.031s][info][gc,phases   ] GC(24)   Pre Evacuate Collection Set: 0.1ms
[2024-04-02T09:07:52.860+0530][110.031s][info][gc,phases   ] GC(24)   Merge Heap Roots: 0.2ms
[2024-04-02T09:07:52.860+0530][110.031s][info][gc,phases   ] GC(24)   Evacuate Collection Set: 17.6ms
[2024-04-02T09:07:52.860+0530][110.031s][info][gc,phases   ] GC(24)   Post Evacuate Collection Set: 1.7ms
[2024-04-02T09:07:52.860+0530][110.031s][info][gc,phases   ] GC(24)   Other: 0.3ms
[2024-04-02T09:07:52.860+0530][110.031s][info][gc,heap     ] GC(24) Eden regions: 209->0(1)
[2024-04-02T09:07:52.860+0530][110.031s][info][gc,heap     ] GC(24) Survivor regions: 10->22(28)
[2024-04-02T09:07:52.860+0530][110.031s][info][gc,heap     ] GC(24) Old regions: 76->76
[2024-04-02T09:07:52.860+0530][110.031s][info][gc,heap     ] GC(24) Archive regions: 0->0
[2024-04-02T09:07:52.860+0530][110.032s][info][gc,heap     ] GC(24) Humongous regions: 4->4
[2024-04-02T09:07:52.860+0530][110.032s][info][gc,metaspace] GC(24) Metaspace: 75636K(76160K)->75636K(76160K) NonClass: 66278K(66560K)->66278K(66560K) Class: 9357K(9600K)->9357K(9600K)
[2024-04-02T09:07:52.860+0530][110.032s][info][gc          ] GC(24) Pause Young (Prepare Mixed) (G1 Evacuation Pause) 298M->101M(384M) 20.500ms
[2024-04-02T09:07:52.860+0530][110.032s][info][gc,cpu      ] GC(24) User=0.03s Sys=0.00s Real=0.02s
[2024-04-02T09:07:52.954+0530][110.117s][info][gc,start    ] GC(25) Pause Young (Mixed) (G1 Evacuation Pause)
[2024-04-02T09:07:52.954+0530][110.118s][info][gc,task     ] GC(25) Using 4 workers of 4 for evacuation
[2024-04-02T09:07:52.985+0530][110.154s][info][gc,phases   ] GC(25)   Pre Evacuate Collection Set: 0.3ms
[2024-04-02T09:07:52.985+0530][110.154s][info][gc,phases   ] GC(25)   Merge Heap Roots: 0.3ms
[2024-04-02T09:07:52.985+0530][110.154s][info][gc,phases   ] GC(25)   Evacuate Collection Set: 34.2ms
[2024-04-02T09:07:52.985+0530][110.154s][info][gc,phases   ] GC(25)   Post Evacuate Collection Set: 1.1ms
[2024-04-02T09:07:52.985+0530][110.154s][info][gc,phases   ] GC(25)   Other: 0.4ms
[2024-04-02T09:07:52.985+0530][110.154s][info][gc,heap     ] GC(25) Eden regions: 1->0(213)
[2024-04-02T09:07:52.985+0530][110.154s][info][gc,heap     ] GC(25) Survivor regions: 22->2(3)
[2024-04-02T09:07:52.985+0530][110.154s][info][gc,heap     ] GC(25) Old regions: 76->80
[2024-04-02T09:07:52.985+0530][110.154s][info][gc,heap     ] GC(25) Archive regions: 0->0
[2024-04-02T09:07:52.985+0530][110.154s][info][gc,heap     ] GC(25) Humongous regions: 4->4
[2024-04-02T09:07:52.985+0530][110.154s][info][gc,metaspace] GC(25) Metaspace: 75694K(76160K)->75694K(76160K) NonClass: 66325K(66560K)->66325K(66560K) Class: 9368K(9600K)->9368K(9600K)
[2024-04-02T09:07:52.985+0530][110.154s][info][gc          ] GC(25) Pause Young (Mixed) (G1 Evacuation Pause) 102M->85M(384M) 36.936ms
[2024-04-02T09:07:52.985+0530][110.154s][info][gc,cpu      ] GC(25) User=0.06s Sys=0.05s Real=0.03s
